==========================================
SLURM_JOB_ID = 16055558
SLURM_JOB_NODELIST = d11-15
TMPDIR = /tmp/SLURM_16055558
==========================================
Using custom data configuration default
Reusing dataset casino (/home1/ianwu/.cache/huggingface/datasets/casino/default/1.1.0/302c3b1ac78c48091deabe83a11f4003c7b472a4e11a8eb92799653785bd5da1)
  0%|          | 0/1 [00:00<?, ?it/s]100%|██████████| 1/1 [00:00<00:00, 38.75it/s]

Cannot find LLM in registry for argument --llm_api = gpt-3.5-turbo-0613; Assuming gpt-3.5-turbo-0613 to be an OpenAI model ID

Annotating train
0it [00:00, ?it/s]1it [00:09,  9.14s/it]2it [00:12,  5.78s/it]3it [00:15,  4.44s/it]4it [00:18,  3.85s/it]5it [00:21,  3.50s/it]6it [00:25,  3.61s/it]7it [00:28,  3.40s/it]8it [00:31,  3.40s/it]9it [00:34,  3.35s/it]10it [00:37,  3.25s/it]11it [00:40,  3.15s/it]12it [00:43,  3.10s/it]13it [00:46,  3.18s/it]14it [00:51,  3.55s/it]15it [00:54,  3.36s/it]16it [00:57,  3.29s/it]17it [01:01,  3.39s/it]18it [01:04,  3.26s/it]19it [04:19, 60.97s/it]20it [04:22, 43.72s/it]21it [04:26, 31.71s/it]22it [04:29, 23.13s/it]23it [04:32, 17.11s/it]24it [04:35, 12.83s/it]25it [04:38,  9.95s/it]26it [04:42,  8.00s/it]27it [04:45,  6.44s/it]28it [04:48,  5.49s/it]29it [04:52,  4.93s/it]30it [04:54,  4.29s/it]31it [04:59,  4.37s/it]32it [05:02,  3.98s/it]33it [05:05,  3.66s/it]34it [05:08,  3.61s/it]35it [08:23, 60.77s/it]36it [08:26, 43.65s/it]37it [08:30, 31.57s/it]38it [08:32, 22.95s/it]39it [08:36, 17.25s/it]40it [08:39, 12.96s/it]41it [08:43, 10.24s/it]42it [08:47,  8.39s/it]43it [08:50,  6.75s/it]44it [08:53,  5.67s/it]45it [08:57,  4.90s/it]46it [09:02,  4.97s/it]47it [09:05,  4.38s/it]48it [09:08,  3.96s/it]49it [09:11,  3.73s/it]50it [09:14,  3.72s/it]51it [09:18,  3.57s/it]52it [12:32, 60.67s/it]53it [12:35, 43.37s/it]54it [12:38, 31.42s/it]55it [12:41, 22.88s/it]56it [12:45, 17.15s/it]57it [12:48, 12.92s/it]58it [12:52, 10.37s/it]59it [12:56,  8.23s/it]60it [12:59,  6.91s/it]61it [13:03,  5.78s/it]62it [13:09,  5.83s/it]63it [13:13,  5.44s/it]64it [13:16,  4.81s/it]65it [13:19,  4.24s/it]66it [13:22,  3.91s/it]67it [13:26,  3.94s/it]68it [16:40, 60.85s/it]69it [16:43, 43.60s/it]70it [16:47, 31.70s/it]71it [16:51, 23.21s/it]72it [16:54, 17.35s/it]73it [16:58, 13.12s/it]74it [17:02, 10.38s/it]75it [17:06,  8.64s/it]76it [17:09,  6.97s/it]77it [17:16,  6.76s/it]78it [17:19,  5.75s/it]79it [17:22,  4.85s/it]80it [17:26,  4.65s/it]81it [17:29,  4.13s/it]82it [17:32,  3.85s/it]83it [20:46, 60.88s/it]84it [20:52, 44.37s/it]85it [20:55, 32.05s/it]86it [20:58, 23.34s/it]87it [21:01, 17.27s/it]88it [21:06, 13.37s/it]89it [21:10, 10.65s/it]90it [21:14,  8.63s/it]91it [21:18,  7.25s/it]92it [21:21,  5.90s/it]93it [21:25,  5.53s/it]94it [21:28,  4.78s/it]95it [21:32,  4.36s/it]96it [21:37,  4.59s/it]97it [24:50, 61.18s/it]98it [24:56, 44.67s/it]99it [24:59, 32.18s/it]100it [25:02, 23.53s/it]101it [25:06, 17.56s/it]102it [25:10, 13.34s/it]103it [25:13, 10.27s/it]104it [25:16,  8.22s/it]105it [25:21,  7.25s/it]106it [25:25,  6.14s/it]107it [25:28,  5.21s/it]108it [25:31,  4.59s/it]109it [25:34,  4.19s/it]110it [25:38,  4.15s/it]111it [25:41,  3.88s/it]112it [25:45,  3.79s/it]113it [28:59, 60.75s/it]114it [29:02, 43.43s/it]115it [29:06, 31.73s/it]116it [29:09, 23.12s/it]117it [29:12, 17.14s/it]118it [29:17, 13.26s/it]119it [29:20, 10.19s/it]120it [29:23,  8.12s/it]121it [29:26,  6.60s/it]122it [29:29,  5.56s/it]123it [29:33,  4.94s/it]124it [29:36,  4.41s/it]125it [29:39,  4.00s/it]126it [29:42,  3.70s/it]127it [29:50,  5.11s/it]128it [33:05, 62.10s/it]129it [33:08, 44.38s/it]130it [33:12, 32.23s/it]131it [33:16, 23.65s/it]132it [33:19, 17.41s/it]133it [33:22, 13.20s/it]134it [33:28, 11.03s/it]135it [33:31,  8.58s/it]136it [33:35,  7.19s/it]137it [33:38,  5.91s/it]138it [33:41,  5.04s/it]139it [33:44,  4.35s/it]140it [33:47,  3.98s/it]141it [33:51,  4.00s/it]142it [33:56,  4.43s/it]143it [36:09, 42.96s/it]144it [37:19, 51.08s/it]145it [37:22, 36.60s/it]146it [37:26, 26.93s/it]147it [37:30, 19.89s/it]148it [37:33, 14.95s/it]149it [37:36, 11.37s/it]150it [37:39,  8.82s/it]151it [37:42,  7.09s/it]152it [37:45,  5.83s/it]153it [37:48,  4.92s/it]154it [37:52,  4.67s/it]155it [37:55,  4.20s/it]156it [38:00,  4.48s/it]157it [38:06,  4.80s/it]158it [41:19, 61.44s/it]159it [41:23, 44.17s/it]160it [41:27, 32.04s/it]161it [41:30, 23.39s/it]162it [41:33, 17.25s/it]163it [41:36, 12.95s/it]164it [41:39,  9.95s/it]165it [41:42,  7.82s/it]166it [41:45,  6.35s/it]167it [41:48,  5.60s/it]168it [41:54,  5.51s/it]169it [41:57,  4.82s/it]170it [42:02,  4.83s/it]171it [42:05,  4.36s/it]172it [42:08,  3.97s/it]173it [42:12,  3.81s/it]174it [45:28, 61.46s/it]175it [45:30, 43.88s/it]176it [45:34, 31.86s/it]177it [45:38, 23.38s/it]178it [45:41, 17.32s/it]179it [45:44, 13.09s/it]180it [45:48, 10.34s/it]181it [45:51,  8.22s/it]182it [45:55,  6.97s/it]183it [45:59,  5.93s/it]184it [46:02,  5.12s/it]185it [46:05,  4.46s/it]186it [46:08,  3.98s/it]187it [46:12,  3.96s/it]188it [46:15,  3.65s/it]189it [46:17,  3.15s/it]190it [46:20,  3.10s/it]191it [49:33, 60.24s/it]192it [49:36, 43.03s/it]193it [49:39, 31.02s/it]194it [49:44, 23.12s/it]195it [49:48, 17.35s/it]196it [49:51, 13.05s/it]197it [49:54, 10.08s/it]198it [49:58,  8.16s/it]199it [50:02,  6.99s/it]200it [50:06,  6.00s/it]201it [50:11,  5.82s/it]202it [50:15,  5.29s/it]203it [50:19,  4.81s/it]204it [50:22,  4.26s/it]205it [50:25,  3.90s/it]206it [52:36, 42.22s/it]207it [53:44, 49.74s/it]208it [53:47, 35.96s/it]209it [53:50, 26.07s/it]210it [53:54, 19.24s/it]211it [53:57, 14.31s/it]212it [54:00, 11.06s/it]213it [54:04,  8.88s/it]214it [54:08,  7.56s/it]215it [54:12,  6.25s/it]216it [54:15,  5.49s/it]217it [54:19,  4.87s/it]218it [54:23,  4.74s/it]219it [54:26,  4.29s/it]220it [54:30,  4.01s/it]221it [54:33,  3.69s/it]222it [56:44, 42.01s/it]223it [57:50, 49.34s/it]224it [57:54, 35.56s/it]225it [57:57, 25.93s/it]226it [58:01, 19.14s/it]227it [58:04, 14.37s/it]228it [58:10, 11.88s/it]229it [58:13,  9.25s/it]230it [58:17,  7.72s/it]231it [58:21,  6.41s/it]232it [58:24,  5.53s/it]233it [58:27,  4.87s/it]234it [58:31,  4.41s/it]235it [58:35,  4.28s/it]236it [58:39,  4.32s/it]237it [58:42,  4.01s/it]238it [1:01:57, 61.10s/it]239it [1:02:01, 44.06s/it]240it [1:02:04, 31.78s/it]241it [1:02:09, 23.79s/it]242it [1:02:13, 17.82s/it]243it [1:02:16, 13.36s/it]244it [1:02:26, 12.30s/it]245it [1:02:29,  9.56s/it]246it [1:02:32,  7.55s/it]247it [1:02:35,  6.25s/it]248it [1:02:38,  5.24s/it]249it [1:02:41,  4.55s/it]250it [1:02:45,  4.30s/it]251it [1:02:49,  4.19s/it]252it [1:04:59, 42.12s/it]253it [1:06:07, 49.86s/it]254it [1:06:11, 35.95s/it]255it [1:06:14, 26.10s/it]256it [1:06:17, 19.24s/it]257it [1:06:20, 14.44s/it]258it [1:06:23, 11.07s/it]259it [1:06:27,  8.72s/it]260it [1:06:30,  7.15s/it]261it [1:06:34,  6.24s/it]262it [1:06:38,  5.36s/it]263it [1:06:41,  4.81s/it]264it [1:06:44,  4.30s/it]265it [1:06:47,  3.91s/it]266it [1:06:51,  3.84s/it]267it [1:06:54,  3.59s/it]268it [1:06:58,  3.72s/it]269it [1:10:13, 61.07s/it]270it [1:10:16, 43.81s/it]271it [1:10:20, 31.71s/it]272it [1:10:25, 23.78s/it]273it [1:10:28, 17.64s/it]274it [1:10:32, 13.30s/it]275it [1:10:35, 10.28s/it]276it [1:10:38,  8.26s/it]277it [1:10:42,  6.72s/it]278it [1:10:45,  5.71s/it]279it [1:10:48,  4.90s/it]280it [1:10:52,  4.52s/it]281it [1:10:55,  4.33s/it]282it [1:10:58,  3.91s/it]283it [1:11:02,  3.73s/it]284it [1:11:05,  3.58s/it]285it [1:11:08,  3.50s/it]286it [1:13:19, 41.61s/it]287it [1:14:25, 49.12s/it]288it [1:14:28, 35.21s/it]289it [1:14:32, 25.81s/it]290it [1:14:36, 19.11s/it]291it [1:14:39, 14.30s/it]292it [1:14:42, 10.91s/it]293it [1:14:45,  8.78s/it]294it [1:14:50,  7.41s/it]295it [1:14:53,  6.11s/it]296it [1:14:57,  5.47s/it]297it [1:15:01,  5.26s/it]298it [1:15:07,  5.23s/it]299it [1:15:09,  4.45s/it]300it [1:15:14,  4.57s/it]301it [1:15:18,  4.28s/it]302it [1:18:32, 61.44s/it]303it [1:18:36, 43.94s/it]304it [1:18:39, 31.89s/it]305it [1:18:43, 23.31s/it]306it [1:18:46, 17.47s/it]307it [1:18:50, 13.37s/it]308it [1:18:54, 10.44s/it]309it [1:18:58,  8.67s/it]310it [1:19:03,  7.29s/it]311it [1:19:06,  6.19s/it]312it [1:19:09,  5.22s/it]313it [1:19:13,  4.87s/it]314it [1:19:16,  4.28s/it]315it [1:19:19,  3.98s/it]316it [1:19:24,  4.06s/it]317it [1:19:27,  3.90s/it]318it [1:22:42, 61.07s/it]319it [1:22:45, 43.89s/it]320it [1:22:49, 31.68s/it]321it [1:22:53, 23.57s/it]322it [1:22:56, 17.41s/it]323it [1:23:00, 13.19s/it]324it [1:23:03, 10.39s/it]325it [1:23:06,  8.18s/it]326it [1:23:12,  7.38s/it]327it [1:23:15,  6.07s/it]328it [1:23:18,  5.17s/it]329it [1:23:22,  4.69s/it]330it [1:23:25,  4.25s/it]331it [1:23:28,  3.93s/it]332it [1:23:32,  3.89s/it]333it [1:23:35,  3.69s/it]334it [1:26:49, 60.76s/it]335it [1:26:53, 43.62s/it]336it [1:26:56, 31.45s/it]337it [1:27:00, 23.38s/it]338it [1:27:05, 17.77s/it]339it [1:27:09, 13.70s/it]340it [1:27:13, 10.68s/it]341it [1:27:16,  8.39s/it]342it [1:27:20,  7.15s/it]343it [1:27:23,  5.98s/it]344it [1:27:27,  5.25s/it]345it [1:27:30,  4.62s/it]346it [1:27:33,  4.09s/it]347it [1:27:36,  3.90s/it]348it [1:27:40,  3.80s/it]349it [1:29:53, 42.50s/it]350it [1:30:59, 49.61s/it]351it [1:31:03, 36.00s/it]352it [1:31:06, 26.15s/it]353it [1:31:10, 19.33s/it]354it [1:31:15, 14.98s/it]355it [1:31:18, 11.38s/it]356it [1:31:21,  8.86s/it]357it [1:31:24,  7.17s/it]358it [1:31:27,  6.00s/it]359it [1:31:30,  5.24s/it]360it [1:31:34,  4.62s/it]361it [1:31:37,  4.19s/it]362it [1:31:40,  3.97s/it]363it [1:31:44,  3.84s/it]364it [1:31:48,  3.88s/it]365it [1:31:51,  3.67s/it]366it [1:31:54,  3.45s/it]367it [1:35:08, 60.53s/it]368it [1:35:11, 43.46s/it]369it [1:35:14, 31.39s/it]370it [1:35:18, 22.95s/it]371it [1:35:22, 17.41s/it]372it [1:35:26, 13.25s/it]373it [1:35:30, 10.42s/it]374it [1:35:34,  8.54s/it]375it [1:35:37,  6.97s/it]376it [1:35:40,  5.76s/it]377it [1:35:44,  5.15s/it]378it [1:35:47,  4.49s/it]379it [1:35:51,  4.45s/it]380it [1:35:54,  4.08s/it]381it [1:35:57,  3.77s/it]382it [1:36:00,  3.58s/it]383it [1:38:11, 41.64s/it]384it [1:39:18, 49.23s/it]385it [1:39:21, 35.37s/it]386it [1:39:26, 26.30s/it]387it [1:39:30, 19.59s/it]388it [1:39:33, 14.64s/it]389it [1:39:36, 11.27s/it]390it [1:39:41,  9.15s/it]391it [1:39:45,  7.69s/it]392it [1:39:48,  6.40s/it]393it [1:39:51,  5.40s/it]394it [1:39:55,  4.85s/it]395it [1:39:59,  4.48s/it]396it [1:40:02,  4.20s/it]397it [1:40:05,  3.96s/it]398it [1:40:09,  3.73s/it]399it [1:40:12,  3.63s/it]400it [1:43:27, 60.93s/it]401it [1:43:30, 43.68s/it]402it [1:43:34, 31.60s/it]403it [1:43:37, 23.17s/it]404it [1:43:40, 17.18s/it]405it [1:43:44, 13.19s/it]406it [1:43:47, 10.19s/it]407it [1:43:50,  8.05s/it]408it [1:43:54,  6.70s/it]409it [1:43:58,  5.78s/it]410it [1:44:01,  5.16s/it]411it [1:44:05,  4.80s/it]412it [1:44:11,  4.98s/it]413it [1:44:15,  4.79s/it]414it [1:44:18,  4.30s/it]415it [1:44:21,  3.95s/it]416it [1:44:25,  4.00s/it]417it [1:47:39, 60.91s/it]418it [1:47:43, 43.77s/it]419it [1:47:46, 31.56s/it]420it [1:47:50, 23.28s/it]421it [1:47:54, 17.50s/it]422it [1:47:58, 13.38s/it]423it [1:48:01, 10.30s/it]424it [1:48:05,  8.62s/it]425it [1:48:10,  7.45s/it]426it [1:48:14,  6.40s/it]427it [1:48:19,  6.03s/it]428it [1:48:23,  5.35s/it]429it [1:48:28,  5.17s/it]430it [1:48:33,  5.13s/it]431it [1:48:37,  4.70s/it]432it [1:51:50, 61.37s/it]433it [1:51:53, 43.88s/it]434it [1:51:57, 31.75s/it]435it [1:52:00, 23.27s/it]436it [1:52:03, 17.25s/it]437it [1:52:07, 13.05s/it]438it [1:52:13, 11.20s/it]439it [1:52:17,  8.89s/it]440it [1:52:20,  7.19s/it]441it [1:52:23,  5.87s/it]442it [1:52:26,  5.03s/it]443it [1:52:31,  4.90s/it]444it [1:52:35,  4.67s/it]445it [1:52:39,  4.44s/it]446it [1:52:42,  4.11s/it]447it [1:54:54, 42.34s/it]448it [1:56:01, 49.82s/it]449it [1:56:04, 35.86s/it]450it [1:56:07, 26.04s/it]451it [1:56:12, 19.65s/it]452it [1:56:17, 15.29s/it]453it [1:56:20, 11.68s/it]454it [1:56:24,  9.23s/it]455it [1:56:27,  7.40s/it]456it [1:56:31,  6.33s/it]457it [1:56:34,  5.45s/it]458it [1:56:38,  4.91s/it]459it [1:56:41,  4.45s/it]460it [1:56:45,  4.35s/it]461it [1:56:49,  4.04s/it]462it [1:56:52,  3.78s/it]463it [1:56:55,  3.69s/it]464it [2:00:09, 60.65s/it]465it [2:00:12, 43.39s/it]466it [2:00:16, 31.52s/it]467it [2:00:20, 23.17s/it]468it [2:00:29, 19.09s/it]469it [2:00:33, 14.46s/it]470it [2:00:36, 11.09s/it]471it [2:00:39,  8.70s/it]472it [2:00:43,  7.10s/it]473it [2:00:47,  6.19s/it]474it [2:00:51,  5.57s/it]475it [2:00:54,  4.98s/it]476it [2:00:58,  4.62s/it]477it [2:01:02,  4.27s/it]478it [2:03:15, 42.98s/it]479it [2:04:21, 50.00s/it]480it [2:04:26, 36.40s/it]481it [2:04:29, 26.51s/it]482it [2:04:33, 19.81s/it]483it [2:04:37, 14.91s/it]484it [2:04:41, 11.71s/it]485it [2:04:44,  9.11s/it]486it [2:04:47,  7.30s/it]487it [2:04:50,  6.00s/it]488it [2:04:53,  5.12s/it]489it [2:04:57,  4.63s/it]490it [2:05:01,  4.39s/it]491it [2:05:04,  4.10s/it]492it [2:05:08,  4.03s/it]493it [2:05:13,  4.35s/it]494it [2:05:16,  3.91s/it]495it [2:08:30, 60.87s/it]496it [2:08:36, 44.46s/it]497it [2:08:39, 32.15s/it]498it [2:08:43, 23.73s/it]499it [2:08:48, 17.95s/it]500it [2:08:51, 13.45s/it]501it [2:08:55, 10.58s/it]502it [2:08:58,  8.29s/it]503it [2:09:03,  7.27s/it]504it [2:09:07,  6.33s/it]505it [2:09:10,  5.31s/it]506it [2:09:13,  4.74s/it]507it [2:09:17,  4.43s/it]508it [2:09:21,  4.30s/it]509it [2:09:24,  4.10s/it]510it [2:11:35, 42.05s/it]511it [2:12:42, 49.41s/it]512it [2:12:45, 35.70s/it]513it [2:12:49, 26.09s/it]514it [2:12:53, 19.37s/it]515it [2:12:56, 14.44s/it]516it [2:12:59, 11.28s/it]517it [2:13:03,  9.00s/it]518it [2:13:06,  7.21s/it]519it [2:13:10,  6.06s/it]520it [2:13:13,  5.22s/it]521it [2:13:17,  4.93s/it]522it [2:13:21,  4.64s/it]523it [2:13:24,  4.17s/it]524it [2:13:28,  4.00s/it]525it [2:13:31,  3.83s/it]526it [2:13:36,  4.21s/it]527it [2:16:50, 61.06s/it]528it [2:16:54, 43.93s/it]529it [2:16:57, 31.71s/it]530it [2:17:03, 23.94s/it]531it [2:17:06, 17.82s/it]532it [2:17:10, 13.55s/it]533it [2:17:14, 10.65s/it]534it [2:17:17,  8.37s/it]535it [2:17:20,  6.79s/it]536it [2:17:23,  5.65s/it]537it [2:17:28,  5.38s/it]538it [2:17:32,  5.03s/it]539it [2:17:35,  4.52s/it]540it [2:17:38,  3.94s/it]541it [2:17:41,  3.71s/it]542it [2:17:44,  3.49s/it]543it [2:19:54, 41.57s/it]544it [2:21:01, 49.16s/it]545it [2:21:05, 35.36s/it]546it [2:21:11, 26.73s/it]547it [2:21:14, 19.56s/it]548it [2:21:19, 15.19s/it]549it [2:21:23, 11.82s/it]550it [2:21:26,  9.23s/it]551it [2:21:30,  7.63s/it]552it [2:21:37,  7.41s/it]553it [2:21:40,  6.11s/it]554it [2:21:43,  5.16s/it]555it [2:21:48,  5.12s/it]556it [2:21:51,  4.63s/it]557it [2:21:55,  4.24s/it]558it [2:25:11, 61.88s/it]559it [2:25:15, 44.38s/it]560it [2:25:18, 31.96s/it]561it [2:25:21, 23.37s/it]562it [2:25:24, 17.30s/it]563it [2:25:27, 13.11s/it]564it [2:25:31, 10.18s/it]565it [2:25:34,  8.10s/it]566it [2:25:37,  6.64s/it]567it [2:25:40,  5.60s/it]568it [2:25:44,  4.89s/it]569it [2:25:48,  4.62s/it]570it [2:25:51,  4.17s/it]571it [2:25:55,  4.16s/it]572it [2:26:00,  4.49s/it]573it [2:26:04,  4.41s/it]574it [2:28:16, 42.51s/it]575it [2:29:22, 49.63s/it]576it [2:29:25, 35.71s/it]577it [2:29:29, 26.03s/it]578it [2:29:32, 19.29s/it]579it [2:29:36, 14.51s/it]580it [2:29:40, 11.31s/it]581it [2:29:44,  9.35s/it]582it [2:29:47,  7.47s/it]583it [2:29:50,  6.16s/it]584it [2:29:54,  5.25s/it]585it [2:29:58,  5.00s/it]586it [2:30:02,  4.61s/it]587it [2:30:05,  4.13s/it]588it [2:30:08,  3.97s/it]589it [2:30:11,  3.71s/it]590it [2:30:15,  3.59s/it]591it [2:33:30, 61.24s/it]592it [2:33:33, 43.75s/it]593it [2:33:37, 31.69s/it]594it [2:33:40, 23.20s/it]595it [2:33:44, 17.22s/it]596it [2:33:47, 12.97s/it]597it [2:33:50, 10.21s/it]598it [2:33:54,  8.20s/it]599it [2:33:57,  6.68s/it]600it [2:34:02,  6.02s/it]601it [2:34:05,  5.13s/it]602it [2:34:08,  4.52s/it]603it [2:34:11,  4.13s/it]604it [2:34:16,  4.43s/it]605it [2:34:21,  4.57s/it]606it [2:34:25,  4.36s/it]607it [2:37:39, 61.20s/it]608it [2:37:42, 43.79s/it]609it [2:37:45, 31.60s/it]610it [2:37:50, 23.48s/it]611it [2:37:53, 17.33s/it]612it [2:37:57, 13.46s/it]613it [2:38:00, 10.41s/it]614it [2:38:05,  8.62s/it]615it [2:38:08,  7.01s/it]616it [2:38:12,  5.98s/it]617it [2:38:15,  5.23s/it]618it [2:38:18,  4.66s/it]619it [2:38:22,  4.29s/it]620it [2:38:25,  3.98s/it]621it [2:38:28,  3.70s/it]622it [2:38:32,  3.82s/it]623it [2:38:36,  3.81s/it]624it [2:41:49, 60.69s/it]625it [2:41:53, 43.59s/it]626it [2:41:57, 31.56s/it]627it [2:42:00, 23.09s/it]628it [2:42:04, 17.27s/it]629it [2:42:07, 13.00s/it]630it [2:42:10, 10.04s/it]631it [2:42:13,  7.95s/it]632it [2:42:16,  6.63s/it]633it [2:42:19,  5.58s/it]634it [2:42:23,  5.03s/it]635it [2:42:26,  4.46s/it]636it [2:42:30,  4.18s/it]637it [2:42:33,  3.84s/it]638it [2:42:36,  3.61s/it]639it [2:42:39,  3.49s/it]640it [2:42:42,  3.39s/it]641it [2:44:53, 41.45s/it]642it [2:45:59, 49.02s/it]643it [2:46:03, 35.30s/it]644it [2:46:06, 25.86s/it]645it [2:46:10, 19.14s/it]646it [2:46:14, 14.58s/it]647it [2:46:17, 11.18s/it]648it [2:46:21,  9.05s/it]649it [2:46:28,  8.29s/it]650it [2:46:31,  6.87s/it]651it [2:46:35,  5.81s/it]652it [2:46:38,  5.05s/it]653it [2:46:42,  4.65s/it]654it [2:46:45,  4.21s/it]655it [2:46:49,  4.16s/it]656it [2:46:53,  4.09s/it]657it [2:50:06, 61.01s/it]658it [2:50:10, 43.64s/it]659it [2:50:13, 31.52s/it]660it [2:50:16, 23.12s/it]661it [2:50:20, 17.35s/it]662it [2:50:25, 13.44s/it]663it [2:50:28, 10.34s/it]664it [2:50:32,  8.47s/it]665it [2:50:36,  7.19s/it]666it [2:50:40,  6.12s/it]667it [2:50:43,  5.31s/it]668it [2:50:46,  4.59s/it]669it [2:50:51,  4.85s/it]670it [2:50:54,  4.24s/it]671it [2:50:57,  3.90s/it]672it [2:51:00,  3.66s/it]673it [2:51:04,  3.50s/it]674it [2:54:18, 60.80s/it]675it [2:54:22, 43.60s/it]676it [2:54:25, 31.57s/it]677it [2:54:28, 23.09s/it]678it [2:54:31, 17.03s/it]679it [2:54:34, 12.79s/it]680it [2:54:37,  9.84s/it]681it [2:54:41,  8.03s/it]682it [2:54:48,  7.64s/it]683it [2:54:51,  6.39s/it]684it [2:54:54,  5.45s/it]685it [2:54:58,  4.84s/it]686it [2:55:01,  4.43s/it]687it [2:55:05,  4.33s/it]688it [2:55:11,  4.64s/it]689it [2:57:21, 42.45s/it]690it [2:58:28, 49.71s/it]691it [2:58:32, 36.03s/it]692it [2:58:36, 26.34s/it]693it [2:58:40, 19.55s/it]694it [2:58:43, 14.63s/it]695it [2:58:47, 11.55s/it]696it [2:58:50,  8.95s/it]697it [2:58:54,  7.39s/it]698it [2:58:57,  6.11s/it]699it [2:59:00,  5.17s/it]700it [2:59:04,  4.78s/it]701it [2:59:07,  4.48s/it]702it [2:59:10,  4.01s/it]703it [2:59:13,  3.72s/it]704it [2:59:17,  3.63s/it]705it [2:59:20,  3.52s/it]706it [3:02:34, 60.55s/it]707it [3:02:37, 43.43s/it]708it [3:02:40, 31.37s/it]709it [3:02:43, 22.86s/it]710it [3:02:47, 17.01s/it]711it [3:02:52, 13.49s/it]712it [3:02:55, 10.39s/it]713it [3:02:59,  8.30s/it]714it [3:03:02,  6.84s/it]715it [3:03:05,  5.80s/it]716it [3:03:08,  4.95s/it]717it [3:03:12,  4.43s/it]718it [3:03:15,  4.13s/it]719it [3:03:19,  3.96s/it]720it [3:03:23,  3.98s/it]721it [3:03:27,  4.12s/it]722it [3:03:30,  3.89s/it]723it [3:06:46, 61.53s/it]724it [3:06:52, 44.59s/it]725it [3:06:55, 32.23s/it]726it [3:06:59, 23.68s/it]727it [3:07:03, 17.74s/it]728it [3:07:06, 13.44s/it]729it [3:07:10, 10.63s/it]730it [3:07:13,  8.35s/it]731it [3:07:23,  8.95s/it]732it [3:07:26,  7.18s/it]733it [3:07:29,  5.85s/it]734it [3:07:34,  5.45s/it]735it [3:07:37,  4.89s/it]736it [3:07:41,  4.55s/it]737it [3:10:55, 61.23s/it]738it [3:10:57, 43.70s/it]739it [3:11:00, 31.50s/it]740it [3:11:03, 22.91s/it]741it [3:11:06, 16.94s/it]742it [3:11:09, 12.71s/it]743it [3:11:14, 10.45s/it]744it [3:11:17,  8.27s/it]745it [3:11:21,  6.90s/it]746it [3:11:25,  5.85s/it]747it [3:11:28,  5.05s/it]748it [3:11:31,  4.44s/it]749it [3:11:34,  4.11s/it]750it [3:11:37,  3.85s/it]751it [3:11:40,  3.61s/it]752it [3:11:43,  3.44s/it]753it [3:11:46,  3.31s/it]754it [3:15:01, 60.54s/it]755it [3:15:04, 43.46s/it]756it [3:15:08, 31.44s/it]757it [3:15:12, 23.37s/it]758it [3:15:15, 17.25s/it]759it [3:15:19, 13.17s/it]760it [3:15:22, 10.28s/it]761it [3:15:26,  8.31s/it]762it [3:15:29,  6.73s/it]763it [3:15:33,  5.86s/it]764it [3:15:37,  5.33s/it]765it [3:15:40,  4.78s/it]766it [3:15:43,  4.23s/it]767it [3:15:50,  4.84s/it]768it [3:15:53,  4.29s/it]769it [3:15:57,  4.27s/it]770it [3:19:11, 61.19s/it]771it [3:19:14, 43.73s/it]772it [3:19:17, 31.65s/it]773it [3:19:21, 23.14s/it]774it [3:19:25, 17.40s/it]775it [3:19:28, 13.21s/it]776it [3:19:32, 10.34s/it]777it [3:19:35,  8.20s/it]778it [3:19:39,  6.92s/it]779it [3:19:43,  6.09s/it]780it [3:19:47,  5.38s/it]781it [3:19:50,  4.69s/it]782it [3:19:52,  4.02s/it]783it [3:19:55,  3.75s/it]784it [3:19:59,  3.75s/it]785it [3:20:03,  3.68s/it]786it [3:20:07,  3.78s/it]787it [3:23:22, 61.15s/it]788it [3:23:25, 43.89s/it]789it [3:23:28, 31.57s/it]790it [3:23:31, 22.95s/it]791it [3:23:34, 17.03s/it]792it [3:23:38, 12.97s/it]793it [3:23:41, 10.01s/it]794it [3:23:47,  8.86s/it]795it [3:23:50,  7.18s/it]796it [3:23:53,  5.93s/it]797it [3:23:57,  5.32s/it]798it [3:24:00,  4.56s/it]799it [3:24:04,  4.40s/it]800it [3:24:07,  4.10s/it]801it [3:24:13,  4.43s/it]802it [3:27:32, 63.04s/it]803it [3:27:36, 45.23s/it]804it [3:27:39, 32.50s/it]805it [3:27:45, 24.64s/it]806it [3:27:48, 18.13s/it]807it [3:27:52, 13.81s/it]808it [3:27:55, 10.59s/it]809it [3:27:58,  8.45s/it]810it [3:28:02,  6.90s/it]811it [3:28:07,  6.36s/it]812it [3:28:12,  5.91s/it]813it [3:28:16,  5.37s/it]814it [3:28:19,  4.77s/it]815it [3:28:23,  4.60s/it]816it [3:31:38, 61.58s/it]817it [3:31:41, 43.95s/it]818it [3:31:44, 31.69s/it]819it [3:31:47, 23.03s/it]820it [3:31:50, 17.19s/it]821it [3:31:57, 14.05s/it]822it [3:32:01, 11.01s/it]823it [3:32:04,  8.61s/it]824it [3:32:07,  6.96s/it]825it [3:32:11,  5.98s/it]826it [3:32:14,  5.10s/it]827it [3:32:17,  4.65s/it]828it [3:32:20,  4.22s/it]829it [3:32:24,  4.16s/it]830it [3:32:28,  3.85s/it]831it [3:32:31,  3.83s/it]832it [3:35:46, 60.98s/it]833it [3:35:49, 43.81s/it]834it [3:35:53, 31.78s/it]835it [3:35:57, 23.31s/it]836it [3:36:00, 17.21s/it]837it [3:36:02, 12.88s/it]838it [3:36:10, 11.17s/it]839it [3:36:16,  9.81s/it]840it [3:36:19,  7.82s/it]841it [3:36:23,  6.46s/it]842it [3:36:27,  5.72s/it]843it [3:36:30,  4.94s/it]844it [3:36:33,  4.49s/it]845it [3:36:37,  4.13s/it]846it [3:36:41,  4.11s/it]847it [3:38:52, 42.30s/it]848it [3:39:58, 49.53s/it]849it [3:40:02, 35.73s/it]850it [3:40:05, 26.04s/it]851it [3:40:09, 19.22s/it]852it [3:40:12, 14.44s/it]853it [3:40:16, 11.17s/it]854it [3:40:19,  8.83s/it]855it [3:40:22,  7.08s/it]856it [3:40:27,  6.39s/it]857it [3:40:30,  5.47s/it]858it [3:40:34,  5.05s/it]859it [3:40:38,  4.61s/it]860it [3:40:41,  4.38s/it]861it [3:40:46,  4.34s/it]862it [3:40:49,  4.02s/it]863it [3:40:52,  3.78s/it]864it [3:44:07, 61.01s/it]865it [3:44:11, 44.10s/it]866it [3:44:15, 31.83s/it]867it [3:44:18, 23.20s/it]868it [3:44:21, 17.17s/it]869it [3:44:24, 12.91s/it]870it [3:44:27,  9.90s/it]871it [3:44:30,  7.93s/it]872it [3:44:33,  6.48s/it]873it [3:44:38,  6.12s/it]874it [3:44:43,  5.66s/it]875it [3:44:46,  4.94s/it]876it [3:44:50,  4.56s/it]877it [3:44:54,  4.40s/it]878it [3:44:57,  4.00s/it]879it [3:45:02,  4.21s/it]880it [3:48:18, 61.82s/it]881it [3:48:22, 44.42s/it]882it [3:48:26, 32.34s/it]883it [3:48:29, 23.65s/it]884it [3:48:32, 17.44s/it]885it [3:48:35, 13.10s/it]886it [3:48:38, 10.12s/it]887it [3:48:42,  8.14s/it]888it [3:48:46,  6.80s/it]889it [3:48:49,  5.71s/it]890it [3:48:52,  4.93s/it]891it [3:48:55,  4.39s/it]892it [3:48:58,  4.07s/it]893it [3:49:01,  3.74s/it]893it [3:54:11, 15.74s/it]
====================================================================================================
<Response [502]>
----------------------------------------------------------------------------------------------------
b'{"error":{"code":502,"message":"Bad gateway.","param":null,"type":"cf_bad_gateway"}}'
----------------------------------------------------------------------------------------------------
Traceback (most recent call last):
  File "/home1/ianwu/llm_nego_plan_exps/agent_experiments/lang_models/llm_apis/open_ai.py", line 136, in get_chat_completions_out
    choices = json.loads(response.content)['choices']
KeyError: 'choices'

During handling of the above exception, another exception occurred:

Traceback (most recent call last):
  File "annotate.py", line 48, in <module>
    main()
  File "annotate.py", line 42, in main
    annotator.annotate()
  File "/home1/ianwu/llm_nego_plan_exps/agent_experiments/data/annotator.py", line 73, in annotate
    self.annotate_split(sp_file, sp)
  File "/home1/ianwu/llm_nego_plan_exps/agent_experiments/data/annotator.py", line 54, in annotate_split
    annotations = self.annotate_instance(inst)
  File "/home1/ianwu/llm_nego_plan_exps/agent_experiments/data/annotator.py", line 46, in annotate_instance
    annotations = self.llm_api.get_model_outputs(prompts)
  File "/home1/ianwu/llm_nego_plan_exps/agent_experiments/lang_models/llm_apis/open_ai.py", line 159, in get_model_outputs
    return self.get_chat_completions_out(inputs)
  File "/home1/ianwu/llm_nego_plan_exps/agent_experiments/lang_models/llm_apis/open_ai.py", line 143, in get_chat_completions_out
    raise Exception("KeyError: 'choices' in API response")
Exception: KeyError: 'choices' in API response
